<?xml version="1.0" encoding="UTF-8"?>
<rss xmlns:dc="http://purl.org/dc/elements/1.1/" xmlns:content="http://purl.org/rss/1.0/modules/content/" xmlns:atom="http://www.w3.org/2005/Atom" version="2.0">
    <channel>
        <title><![CDATA[My test blog]]></title>
        <description><![CDATA[A test blog]]></description>
        <link>http://github.com/dylang/node-rss</link>
        <generator>RSS for Node</generator>
        <lastBuildDate>Sat, 18 Apr 2015 10:29:50 GMT</lastBuildDate>
        <item>
            <title><![CDATA[My new blog post]]></title>
            <description><![CDATA[<p>This is my new blog post.</p>
]]></description>
            <link>http://www.example.com/blog/2015/01/17/my-new-blog-post/</link>
            <guid isPermaLink="true">http://www.example.com/blog/2015/01/17/my-new-blog-post/</guid>
            <pubDate>Sat, 17 Jan 2015 23:43:42 GMT</pubDate>
        </item>
    </channel>
</rss>